../Core/Src/main.c:87:10:moving_average_filter	16	static
../Core/Src/main.c:107:5:ultraRead	32	static
../Core/Src/main.c:144:5:main	24	static
../Core/Src/main.c:238:6:SystemClock_Config	96	static
../Core/Src/main.c:299:13:MX_ADC1_Init	32	static
../Core/Src/main.c:357:13:MX_SPI1_Init	8	static
../Core/Src/main.c:396:13:MX_TIM7_Init	24	static
../Core/Src/main.c:434:13:MX_TIM16_Init	8	static
../Core/Src/main.c:466:13:MX_USART2_UART_Init	8	static
../Core/Src/main.c:499:13:MX_DMA_Init	16	static
../Core/Src/main.c:520:13:MX_GPIO_Init	40	static
../Core/Src/main.c:564:6:HAL_UART_RxCpltCallback	16	static
../Core/Src/main.c:595:6:HAL_SPI_RxHalfCpltCallback	24	static
../Core/Src/main.c:607:6:HAL_SPI_RxCpltCallback	24	static
../Core/Src/main.c:624:6:Error_Handler	4	static,ignoring_inline_asm
