../Core/Src/main.c:79:10:moving_average_filter	24	static
../Core/Src/main.c:104:5:ultraRead	24	static
../Core/Src/main.c:151:5:main	24	static
../Core/Src/main.c:235:6:SystemClock_Config	96	static
../Core/Src/main.c:296:13:MX_ADC1_Init	32	static
../Core/Src/main.c:354:13:MX_SPI1_Init	8	static
../Core/Src/main.c:393:13:MX_TIM7_Init	24	static
../Core/Src/main.c:431:13:MX_TIM16_Init	8	static
../Core/Src/main.c:463:13:MX_USART2_UART_Init	8	static
../Core/Src/main.c:498:13:MX_GPIO_Init	40	static
../Core/Src/main.c:542:6:HAL_UART_RxCpltCallback	16	static
../Core/Src/main.c:568:6:Error_Handler	4	static,ignoring_inline_asm
