../Drivers/STM32L4xx_HAL_Driver/Inc/stm32l4xx_ll_spi.h:371:22:LL_SPI_Enable	1
../Drivers/STM32L4xx_HAL_Driver/Inc/stm32l4xx_ll_spi.h:439:22:LL_SPI_SetStandard	1
../Drivers/STM32L4xx_HAL_Driver/Inc/stm32l4xx_ll_spi.h:875:22:LL_SPI_EnableNSSPulseMgt	1
../Drivers/STM32L4xx_HAL_Driver/Inc/stm32l4xx_ll_spi.h:929:26:LL_SPI_IsActiveFlag_TXE	2
../Drivers/STM32L4xx_HAL_Driver/Inc/stm32l4xx_ll_spi.h:980:26:LL_SPI_IsActiveFlag_BSY	2
../Drivers/STM32L4xx_HAL_Driver/Inc/stm32l4xx_ll_spi.h:1061:22:LL_SPI_ClearFlag_OVR	1
../Drivers/STM32L4xx_HAL_Driver/Inc/stm32l4xx_ll_spi.h:1371:22:LL_SPI_TransmitData8	1
../Drivers/STM32L4xx_HAL_Driver/Inc/stm32l4xx_ll_bus.h:563:22:LL_AHB2_GRP1_EnableClock	1
../Drivers/STM32L4xx_HAL_Driver/Inc/stm32l4xx_ll_bus.h:1673:22:LL_APB2_GRP1_EnableClock	1
../Core/Src/main.c:68:13:SPI1_WriteByte	3
../Core/Src/main.c:76:6:HAL_ADC_ConvCpltCallback	1
../Core/Src/main.c:90:5:main	1
../Core/Src/main.c:141:6:SystemClock_Config	4
../Core/Src/main.c:202:13:MX_ADC1_Init	3
../Core/Src/main.c:260:13:MX_SPI1_Init	1
../Core/Src/main.c:315:13:MX_TIM1_Init	4
../Core/Src/main.c:362:13:MX_USART2_UART_Init	2
../Core/Src/main.c:397:13:MX_GPIO_Init	1
../Core/Src/main.c:442:6:Error_Handler	1
