20:17:53 **** Incremental Build of configuration Debug for project final_project ****
make -j8 all 
arm-none-eabi-gcc "../Core/Src/main.c" -mcpu=cortex-m4 -std=gnu11 -g3 -DDEBUG -DUSE_HAL_DRIVER -DSTM32L432xx -c -I../Core/Inc -I../Drivers/STM32L4xx_HAL_Driver/Inc -I../Drivers/STM32L4xx_HAL_Driver/Inc/Legacy -I../Drivers/CMSIS/Device/ST/STM32L4xx/Include -I../Drivers/CMSIS/Include -O0 -ffunction-sections -fdata-sections -Wall -fstack-usage -fcyclomatic-complexity -MMD -MP -MF"Core/Src/main.d" -MT"Core/Src/main.o" --specs=nano.specs -mfpu=fpv4-sp-d16 -mfloat-abi=hard -mthumb -o "Core/Src/main.o"
../Core/Src/main.c: In function 'main':
../Core/Src/main.c:194:12: warning: unused variable 'sample_value' [-Wunused-variable]
  194 |   uint16_t sample_value = 0;
      |            ^~~~~~~~~~~~
arm-none-eabi-gcc -o "final_project.elf" @"objects.list"   -mcpu=cortex-m4 -T"C:\Users\nevin\Desktop\pro\2071C07\final_project\STM32L432KCUX_FLASH.ld" --specs=nosys.specs -Wl,-Map="final_project.map" -Wl,--gc-sections -static --specs=nano.specs -mfpu=fpv4-sp-d16 -mfloat-abi=hard -mthumb -Wl,--start-group -lc -lm -Wl,--end-group
Finished building target: final_project.elf
 
arm-none-eabi-size  final_project.elf 
arm-none-eabi-objdump -h -S final_project.elf  > "final_project.list"
   text	   data	    bss	    dec	    hex	filename
  27832	     16	   2616	  30464	   7700	final_project.elf
Finished building: default.size.stdout
 
Finished building: final_project.list
 

20:17:55 Build Finished. 0 errors, 1 warnings. (took 2s.56ms)

