22:06:02 **** Incremental Build of configuration Debug for project Project ****
make -j8 all 
arm-none-eabi-gcc "../Core/Src/main.c" -mcpu=cortex-m4 -std=gnu11 -g3 -DDEBUG -DUSE_HAL_DRIVER -DSTM32L432xx -DUSE_FULL_LL_DRIVER -c -I../Core/Inc -I../Drivers/STM32L4xx_HAL_Driver/Inc -I../Drivers/STM32L4xx_HAL_Driver/Inc/Legacy -I../Drivers/CMSIS/Device/ST/STM32L4xx/Include -I../Drivers/CMSIS/Include -O0 -ffunction-sections -fdata-sections -Wall -fstack-usage -fcyclomatic-complexity -MMD -MP -MF"Core/Src/main.d" -MT"Core/Src/main.o" --specs=nano.specs -mfpu=fpv4-sp-d16 -mfloat-abi=hard -mthumb -o "Core/Src/main.o"
arm-none-eabi-gcc -o "Project.elf" @"objects.list"   -mcpu=cortex-m4 -T"C:\Users\nevin\Desktop\pro\2071C07\Project\STM32L432KCUX_FLASH.ld" --specs=nosys.specs -Wl,-Map="Project.map" -Wl,--gc-sections -static --specs=nano.specs -mfpu=fpv4-sp-d16 -mfloat-abi=hard -mthumb -Wl,--start-group -lc -lm -Wl,--end-group
Finished building target: Project.elf
 
arm-none-eabi-size  Project.elf 
arm-none-eabi-objdump -h -S Project.elf  > "Project.list"
   text	   data	    bss	    dec	    hex	filename
  21476	     12	   1884	  23372	   5b4c	Project.elf
Finished building: default.size.stdout
 
Finished building: Project.list
 

22:06:04 Build Finished. 0 errors, 0 warnings. (took 2s.528ms)

